// Jest Snapshot v1, https://goo.gl/fbAQLP

exports[`should render ExpenseDashboard page 1`] = `
<div>
  This is Expense Dashboard Page
  <Connect(ExpensesSummary) />
  <Connect(ExpenseListFilter) />
  <Connect(ExpenseList) />
</div>
`;
